// Jest Snapshot v1, https://goo.gl/fbAQLP

exports[`neutron test suite create neutron should return new neutron 1`] = `
Object {
  "abandon": [Function],
  "emit": [Function],
  "getWatchers": [Function],
  "watch": [Function],
}
`;

exports[`neutron test suite watch should remove watcher from the watchers list 1`] = `
Array [
  [Function],
  [Function],
]
`;

exports[`neutron test suite watch should return empty watchers list 1`] = `Array []`;

exports[`neutron test suite watch should return watcher list with 3 watchers 1`] = `
Array [
  [Function],
  [Function],
  [Function],
]
`;

exports[`neutron test suite watch should return watcher list with single watcher 1`] = `
Array [
  [Function],
]
`;
